---
source: tests/rule_docs.rs
expression: render_rule_doc(rule.as_ref())
---
## `unknown-command`

Report document commands absent from core or loaded-package metadata and scanned definitions. This is a static check, not proof that TeX will reject the command. Package source files, definition bodies, and carried code are skipped. Commands created dynamically by packages may require a `tex-ls skip unknown-command` comment. A unique close spelling gets a suggestion; no automatic fix is offered.

This rule is **enabled by default**.

A misspelled list item:

```tex
\begin{itemize}
\tem First
\end{itemize}
```

```text
warning: unknown-command
 --> example.tex:2:1
  |
2 | \tem First
  | ^^^^ Unknown command `\tem`; did you mean `\item`?
```
